python : EE.2026-02-13 18:35:24,327 - ERROR - Error loading and preprocessing CSV file: [Errno 2] No 
such file or directory: '/root/nonexistent.csv'
At line:1 char:1
+ python -m unittest discover tests > test_output.txt 2>&1
+ ~~~~~~~~~~~~~~~~~~~~~~~~~~~~~~~~~~~~~~~~~~~~~~~~~~~~~~~~
    + CategoryInfo          : NotSpecified: (EE.2026-02-13 1...onexistent.csv':String) [], RemoteE    
xception
    + FullyQualifiedErrorId : NativeCommandError
 
..Error: Input DataFrame is empty or None, cannot analyze column 'PRCP'.
.Error: Data column 'PRCP' not found in DataFrame for analysis.
......E....2026-02-13 18:35:24,857 - WARNING - Could not detect header line, assuming GHCN format with 
6 metadata lines
2026-02-13 18:35:24,858 - ERROR - Error loading and preprocessing CSV file: No columns to parse from 
file
.2026-02-13 18:35:24,859 - ERROR - Error loading and preprocessing CSV file: [Errno 2] No such file or 
directory: 'nonexistent_file.csv'
....E.2026-02-13 18:35:24,868 - ERROR - Error loading and preprocessing CSV file: [Errno 2] No such 
file or directory: '/root/nonexistent.csv'
..Error: Input DataFrame is empty or None, cannot analyze column 'PRCP'.
.Error: Data column 'PRCP' not found in DataFrame for analysis.
......E....2026-02-13 18:35:25,382 - WARNING - Could not detect header line, assuming GHCN format with 
6 metadata lines
2026-02-13 18:35:25,383 - ERROR - Error loading and preprocessing CSV file: No columns to parse from 
file
.2026-02-13 18:35:25,383 - ERROR - Error loading and preprocessing CSV file: [Errno 2] No such file or 
directory: 'nonexistent_file.csv'
...........E...F2026-02-13 18:35:25,395 - WARNING - Validation failed: The selected folder does not 
exist:
C:\Users\JASONL~1\AppData\Local\Temp\tmpoqfxhdsi\nonexistent
.2026-02-13 18:35:25,397 - WARNING - Validation failed: The selected path is not a folder:
C:\Users\JASONL~1\AppData\Local\Temp\tmpqnimu3cr\test_file.txt
...................EF..
======================================================================
ERROR: test_calibration_controller (unittest.loader._FailedTest.test_calibration_controller)
----------------------------------------------------------------------
ImportError: Failed to import test module: test_calibration_controller
Traceback (most recent call last):
  File "C:\Users\JasonLillywhite\AppData\Local\Programs\Python\Python314\Lib\unittest\loader.py", line 
426, in _find_test_path
    module = self._get_module_from_name(name)
  File "C:\Users\JasonLillywhite\AppData\Local\Programs\Python\Python314\Lib\unittest\loader.py", line 
367, in _get_module_from_name
    __import__(name)
    ~~~~~~~~~~^^^^^^
  File "C:\Users\JasonLillywhite\source\repos\precipgen_par\tests\test_calibration_controller.py", line 
14, in <module>
    from precipgen.desktop.models.app_state import AppState
  File "C:\Users\JasonLillywhite\source\repos\precipgen_par\precipgen\desktop\__init__.py", line 8, in 
<module>
    from precipgen.desktop.app import DesktopApp
  File "C:\Users\JasonLillywhite\source\repos\precipgen_par\precipgen\desktop\app.py", line 20, in 
<module>
    from precipgen.desktop.views.main_window import MainWindow
  File "C:\Users\JasonLillywhite\source\repos\precipgen_par\precipgen\desktop\views\__init__.py", line 
9, in <module>
    from precipgen.desktop.views.main_window import MainWindow
  File "C:\Users\JasonLillywhite\source\repos\precipgen_par\precipgen\desktop\views\main_window.py", 
line 15, in <module>
    from precipgen.desktop.views.search_panel import SearchPanel
  File "C:\Users\JasonLillywhite\source\repos\precipgen_par\precipgen\desktop\views\search_panel.py", 
line 13, in <module>
    import tkintermapview
ModuleNotFoundError: No module named 'tkintermapview'


======================================================================
ERROR: test_extreme_values (test_comprehensive.TestDataValidation.test_extreme_values)
Test handling of extreme precipitation values
----------------------------------------------------------------------
Traceback (most recent call last):
  File "C:\Users\JasonLillywhite\source\repos\precipgen_par\tests\test_comprehensive.py", line 253, in 
test_extreme_values
    result = calculate_params(extreme_data)
  File "C:\Users\JasonLillywhite\source\repos\precipgen_par\precipgen\core\pgpar.py", line 71, in 
calculate_params
    raise ValueError("No complete years found in the data. "
                   "Try lowering min_completeness threshold or use filter_incomplete_years=False")
ValueError: No complete years found in the data. Try lowering min_completeness threshold or use 
filter_incomplete_years=False

======================================================================
ERROR: test_calculate_params_missing_columns 
(test_comprehensive.TestParameterCalculations.test_calculate_params_missing_columns)
Test parameter calculation with missing required columns
----------------------------------------------------------------------
Traceback (most recent call last):
  File "C:\Users\JasonLillywhite\source\repos\precipgen_par\tests\test_comprehensive.py", line 141, in 
test_calculate_params_missing_columns
    calculate_params(bad_data)
    ~~~~~~~~~~~~~~~~^^^^^^^^^^
  File "C:\Users\JasonLillywhite\source\repos\precipgen_par\precipgen\core\pgpar.py", line 71, in 
calculate_params
    raise ValueError("No complete years found in the data. "
                   "Try lowering min_completeness threshold or use filter_incomplete_years=False")
ValueError: No complete years found in the data. Try lowering min_completeness threshold or use 
filter_incomplete_years=False

======================================================================
ERROR: test_extreme_values (test_comprehensive_final.TestDataValidation.test_extreme_values)
Test handling of extreme precipitation values
----------------------------------------------------------------------
Traceback (most recent call last):
  File "C:\Users\JasonLillywhite\source\repos\precipgen_par\tests\test_comprehensive_final.py", line 
253, in test_extreme_values
    result = calculate_params(extreme_data)
  File "C:\Users\JasonLillywhite\source\repos\precipgen_par\precipgen\core\pgpar.py", line 71, in 
calculate_params
    raise ValueError("No complete years found in the data. "
                   "Try lowering min_completeness threshold or use filter_incomplete_years=False")
ValueError: No complete years found in the data. Try lowering min_completeness threshold or use 
filter_incomplete_years=False

======================================================================
ERROR: test_calculate_params_missing_columns 
(test_comprehensive_final.TestParameterCalculations.test_calculate_params_missing_columns)
Test parameter calculation with missing required columns
----------------------------------------------------------------------
Traceback (most recent call last):
  File "C:\Users\JasonLillywhite\source\repos\precipgen_par\tests\test_comprehensive_final.py", line 
141, in test_calculate_params_missing_columns
    calculate_params(bad_data)
    ~~~~~~~~~~~~~~~~^^^^^^^^^^
  File "C:\Users\JasonLillywhite\source\repos\precipgen_par\precipgen\core\pgpar.py", line 71, in 
calculate_params
    raise ValueError("No complete years found in the data. "
                   "Try lowering min_completeness threshold or use filter_incomplete_years=False")
ValueError: No complete years found in the data. Try lowering min_completeness threshold or use 
filter_incomplete_years=False

======================================================================
ERROR: test_initialization (test_desktop_foundation.TestDataPanel.test_initialization)
Test that DataPanel initializes correctly.
----------------------------------------------------------------------
Traceback (most recent call last):
  File "C:\Users\JasonLillywhite\source\repos\precipgen_par\tests\test_desktop_foundation.py", line 
310, in test_initialization
    from precipgen.desktop.views.data_panel import DataPanel
  File "C:\Users\JasonLillywhite\source\repos\precipgen_par\precipgen\desktop\__init__.py", line 8, in 
<module>
    from precipgen.desktop.app import DesktopApp
  File "C:\Users\JasonLillywhite\source\repos\precipgen_par\precipgen\desktop\app.py", line 20, in 
<module>
    from precipgen.desktop.views.main_window import MainWindow
  File "C:\Users\JasonLillywhite\source\repos\precipgen_par\precipgen\desktop\views\__init__.py", line 
9, in <module>
    from precipgen.desktop.views.main_window import MainWindow
  File "C:\Users\JasonLillywhite\source\repos\precipgen_par\precipgen\desktop\views\main_window.py", 
line 15, in <module>
    from precipgen.desktop.views.search_panel import SearchPanel
  File "C:\Users\JasonLillywhite\source\repos\precipgen_par\precipgen\desktop\views\search_panel.py", 
line 13, in <module>
    import tkintermapview
ModuleNotFoundError: No module named 'tkintermapview'

======================================================================
ERROR: test_logging_config (unittest.loader._FailedTest.test_logging_config)
----------------------------------------------------------------------
ImportError: Failed to import test module: test_logging_config
Traceback (most recent call last):
  File "C:\Users\JasonLillywhite\AppData\Local\Programs\Python\Python314\Lib\unittest\loader.py", line 
426, in _find_test_path
    module = self._get_module_from_name(name)
  File "C:\Users\JasonLillywhite\AppData\Local\Programs\Python\Python314\Lib\unittest\loader.py", line 
367, in _get_module_from_name
    __import__(name)
    ~~~~~~~~~~^^^^^^
  File "C:\Users\JasonLillywhite\source\repos\precipgen_par\tests\test_logging_config.py", line 15, in 
<module>
    from precipgen.desktop.app import DesktopApp
  File "C:\Users\JasonLillywhite\source\repos\precipgen_par\precipgen\desktop\__init__.py", line 8, in 
<module>
    from precipgen.desktop.app import DesktopApp
  File "C:\Users\JasonLillywhite\source\repos\precipgen_par\precipgen\desktop\app.py", line 20, in 
<module>
    from precipgen.desktop.views.main_window import MainWindow
  File "C:\Users\JasonLillywhite\source\repos\precipgen_par\precipgen\desktop\views\__init__.py", line 
9, in <module>
    from precipgen.desktop.views.main_window import MainWindow
  File "C:\Users\JasonLillywhite\source\repos\precipgen_par\precipgen\desktop\views\main_window.py", 
line 15, in <module>
    from precipgen.desktop.views.search_panel import SearchPanel
  File "C:\Users\JasonLillywhite\source\repos\precipgen_par\precipgen\desktop\views\search_panel.py", 
line 13, in <module>
    import tkintermapview
ModuleNotFoundError: No module named 'tkintermapview'


======================================================================
FAIL: test_initialize_project_structure 
(test_desktop_foundation.TestProjectController.test_initialize_project_structure)
Test that project structure is created correctly.
----------------------------------------------------------------------
Traceback (most recent call last):
  File "C:\Users\JasonLillywhite\source\repos\precipgen_par\tests\test_desktop_foundation.py", line 
285, in test_initialize_project_structure
    assert (project_path / "data").exists()
           ~~~~~~~~~~~~~~~~~~~~~~~~~~~~~~^^
AssertionError

======================================================================
FAIL: test_calculate_params (test_pgpar.TestPrecipGenPAR.test_calculate_params)
----------------------------------------------------------------------
Traceback (most recent call last):
  File "C:\Users\JasonLillywhite\source\repos\precipgen_par\tests\test_pgpar.py", line 36, in 
test_calculate_params
    self.assertTrue(np.allclose(self.obj[col], self.expected_params[col], rtol=0.001),
    ~~~~~~~~~~~~~~~^^^^^^^^^^^^^^^^^^^^^^^^^^^^^^^^^^^^^^^^^^^^^^^^^^^^^^^^^^^^^^^^^^^
                    msg=f"Values in column {col} are not within 0.1% relative error.")
                    ^^^^^^^^^^^^^^^^^^^^^^^^^^^^^^^^^^^^^^^^^^^^^^^^^^^^^^^^^^^^^^^^^^
AssertionError: False is not true : Values in column ALPHA are not within 0.1% relative error.

----------------------------------------------------------------------
Ran 79 tests in 112.915s

FAILED (failures=2, errors=7)

--- Analyzing Gaps for Column: 'PRCP' ---
Data range in source: 2020-01-01 to 2020-12-31
Full analysis range: 2020-01-01 to 2020-12-31 (366 days)
Total missing days found: 0
No missing days found.

--- Analyzing Gaps for Column: 'PRCP' ---
Data range in source: 2020-01-01 to 2020-12-31
Full analysis range: 2020-01-01 to 2020-12-31 (366 days)
Total missing days found: 15
Identified 1 short gaps (<= 5 day(s))
Identified 1 long gaps (> 5 day(s))

--- Analyzing Gaps for Column: 'PRCP' ---
Data range in source: 2020-01-01 to 2020-12-31
Full analysis range: 2020-01-01 to 2020-12-31 (366 days)
Total missing days found: 0
No missing days found.

--- Analyzing Gaps for Column: 'PRCP' ---
Data range in source: 2020-01-01 to 2020-12-31
Full analysis range: 2020-01-01 to 2020-12-31 (366 days)
Total missing days found: 15
Identified 1 short gaps (<= 5 day(s))
Identified 1 long gaps (> 5 day(s))
Warning: Could not load config from C:\Users\JASONL~1\AppData\Local\Temp\tmpbg1hx_ge\corrupted.json: Expecting property name enclosed in double quotes: line 1 column 3 (char 2)

=== Step 1: Fetching GHCN station inventory ===
Successfully fetched inventory data (attempt 1)

=== Step 2: Parsing inventory data ===
Parsed 769210 inventory records

=== Step 3: Finding station with >75 years of data ===
Found suitable station: GM000010962

=== Step 4: Downloading station data ===
Successfully downloaded data (attempt 1)
Downloaded 67384 records

=== Step 5: Analyzing precipitation data ===
Total days: 67384
Wet days: 35920
Wet day probability: 0.5331
Mean precipitation: 3.28 mm/day

=== Integration test completed successfully ===
